// Jest Snapshot v1, https://goo.gl/fbAQLP

exports[`Container.vue snapshot 1`] = `
<section
  class="el-container"
>
  
  
</section>
`;
