// Jest Snapshot v1, https://goo.gl/fbAQLP

exports[`Divider.vue snapshot 1`] = `
<div
  class="el-divider el-divider--horizontal"
>
  <!--v-if-->
</div>
`;
