// Jest Snapshot v1, https://goo.gl/fbAQLP

exports[` 1`] = `
<transition-stub>
  <div
    aria-label="dialog"
    aria-modal="true"
    class="el-message-box__wrapper"
    role="dialog"
    tabindex="-1"
  >
    <div
      class="el-message-box"
    >
      <!--v-if-->
      <div
        class="el-message-box__content"
      >
        <div
          class="el-message-box__container"
        >
          <div
            class="el-message-box__status el-icon-info"
          />
          <div
            class="el-message-box__message"
          >
            
            <p>
              {}
            </p>
            
          </div>
        </div>
        <div
          class="el-message-box__input"
          style="display: none;"
        >
          <div
            class="el-input"
          >
            
            <!-- 前置元素 -->
            <!--v-if-->
            <input
              autocomplete="off"
              class="el-input__inner"
              placeholder=""
              type="text"
            />
            <!-- 前置内容 -->
            <!--v-if-->
            <!-- 后置内容 -->
            <!--v-if-->
            <!-- 后置元素 -->
            <!--v-if-->
            
            <!--v-if-->
          </div>
          <div
            class="el-message-box__errormsg"
            style="visibility: hidden;"
          />
        </div>
      </div>
      <div
        class="el-message-box__btns"
      >
        <button
          class="el-button el-button--small el-button--primary"
          style="display: none;"
          type="button"
        >
          <!--v-if-->
          <span>
            
            确定
            
          </span>
        </button>
        <button
          class="el-button el-button--small el-button--primary"
          type="button"
        >
          <!--v-if-->
          <span>
            
            取消
            
          </span>
        </button>
      </div>
    </div>
  </div>
</transition-stub>
`;
